MPLINK 5.09, LINKER
Linker Map File - Created Fri Jul 01 13:52:29 2022

                                 Section Info
                  Section       Type    Address   Location Size(Bytes)
                ---------  ---------  ---------  ---------  ---------
               RST_VECTOR       code   0x000000    program   0x000006
                   .cinit    romdata   0x000003    program   0x000004
                     MAIN       code   0x000005    program   0x00019a
.config_2007_BUILD/DEFAULT/PRODUCTION/MAIN.O       code   0x002007    program   0x000002
               .udata_shr      udata   0x000070       data   0x000003



                              Program Memory Usage 
                               Start         End      
                           ---------   ---------      
                            0x000000    0x0000d1      
                            0x002007    0x002007      
            211 out of 8455 program addresses used, program memory utilization is 2%



                              Symbols - Sorted by Name
                     Name    Address   Location    Storage File                     
                ---------  ---------  ---------  --------- ---------                
                    DELAY   0x000080    program     static C:\Users\kekko\OneDrive\Desktop\Progetto_Sistemi.X\main.asm
                  INIT_HW   0x000089    program     static C:\Users\kekko\OneDrive\Desktop\Progetto_Sistemi.X\main.asm
               _MAIN_0014   0x000019    program     static C:\Users\kekko\OneDrive\Desktop\Progetto_Sistemi.X\main.asm
                   buzzer   0x00006e    program     static C:\Users\kekko\OneDrive\Desktop\Progetto_Sistemi.X\main.asm
                main_loop   0x000008    program     static C:\Users\kekko\OneDrive\Desktop\Progetto_Sistemi.X\main.asm
                    start   0x000005    program     static C:\Users\kekko\OneDrive\Desktop\Progetto_Sistemi.X\main.asm
                  wait_ch   0x000008    program     static C:\Users\kekko\OneDrive\Desktop\Progetto_Sistemi.X\main.asm
               wait_delay   0x000085    program     static C:\Users\kekko\OneDrive\Desktop\Progetto_Sistemi.X\main.asm
                       ch   0x000070       data     static C:\Users\kekko\OneDrive\Desktop\Progetto_Sistemi.X\main.asm
                    prova   0x000071       data     static C:\Users\kekko\OneDrive\Desktop\Progetto_Sistemi.X\main.asm
                   prova2   0x000072       data     static C:\Users\kekko\OneDrive\Desktop\Progetto_Sistemi.X\main.asm



                              Symbols - Sorted by Address
                     Name    Address   Location    Storage File                     
                ---------  ---------  ---------  --------- ---------                
                    start   0x000005    program     static C:\Users\kekko\OneDrive\Desktop\Progetto_Sistemi.X\main.asm
                main_loop   0x000008    program     static C:\Users\kekko\OneDrive\Desktop\Progetto_Sistemi.X\main.asm
                  wait_ch   0x000008    program     static C:\Users\kekko\OneDrive\Desktop\Progetto_Sistemi.X\main.asm
               _MAIN_0014   0x000019    program     static C:\Users\kekko\OneDrive\Desktop\Progetto_Sistemi.X\main.asm
                   buzzer   0x00006e    program     static C:\Users\kekko\OneDrive\Desktop\Progetto_Sistemi.X\main.asm
                    DELAY   0x000080    program     static C:\Users\kekko\OneDrive\Desktop\Progetto_Sistemi.X\main.asm
               wait_delay   0x000085    program     static C:\Users\kekko\OneDrive\Desktop\Progetto_Sistemi.X\main.asm
                  INIT_HW   0x000089    program     static C:\Users\kekko\OneDrive\Desktop\Progetto_Sistemi.X\main.asm
                       ch   0x000070       data     static C:\Users\kekko\OneDrive\Desktop\Progetto_Sistemi.X\main.asm
                    prova   0x000071       data     static C:\Users\kekko\OneDrive\Desktop\Progetto_Sistemi.X\main.asm
                   prova2   0x000072       data     static C:\Users\kekko\OneDrive\Desktop\Progetto_Sistemi.X\main.asm


